// Jest Snapshot v1, https://goo.gl/fbAQLP

exports[`renders correctly 1`] = `
<View
  style={
    Object {
      "alignItems": "center",
      "backgroundColor": "white",
      "flex": 1,
      "justifyContent": "center",
    }
  }
>
  <Text
    style={
      Object {
        "fontSize": 25,
        "marginBottom": 20,
      }
    }
  >
    Login screen
  </Text>
  <View
    style={
      Object {
        "alignItems": "center",
      }
    }
  >
    <TextInput
      allowFontScaling={true}
      defaultValue=""
      onChangeText={[Function]}
      placeholder="Email or Phone Number"
      rejectResponderTermination={true}
      style={
        Object {
          "borderColor": "#F57600",
          "borderRadius": 10,
          "borderWidth": 2,
          "fontSize": 20,
          "height": 50,
          "paddingHorizontal": 10,
          "width": 290,
        }
      }
      underlineColorAndroid="transparent"
    />
    <Text
      style={
        Object {
          "color": "#f00",
        }
      }
    />
    <TextInput
      allowFontScaling={true}
      defaultValue=""
      onChangeText={[Function]}
      placeholder="Password"
      rejectResponderTermination={true}
      style={
        Object {
          "borderColor": "#F57600",
          "borderRadius": 10,
          "borderWidth": 2,
          "fontSize": 20,
          "height": 50,
          "marginVertical": 20,
          "paddingHorizontal": 10,
          "width": 290,
        }
      }
      underlineColorAndroid="transparent"
    />
    <Text
      style={
        Object {
          "color": "#f00",
        }
      }
    />
    <View
      accessible={true}
      focusable={true}
      onClick={[Function]}
      onResponderGrant={[Function]}
      onResponderMove={[Function]}
      onResponderRelease={[Function]}
      onResponderTerminate={[Function]}
      onResponderTerminationRequest={[Function]}
      onStartShouldSetResponder={[Function]}
      style={
        Object {
          "alignItems": "center",
          "backgroundColor": "#F57600",
          "borderColor": "#F57600",
          "borderRadius": 10,
          "borderWidth": 2,
          "height": 50,
          "justifyContent": "center",
          "opacity": 1,
          "width": 290,
        }
      }
    >
      <Text
        style={
          Object {
            "color": "white",
            "fontSize": 20,
          }
        }
      >
        Sign In
      </Text>
    </View>
  </View>
</View>
`;
